mode: set
stroy-control-backend/internal/auth/handlers.go:55.71,60.2 1 1
stroy-control-backend/internal/auth/handlers.go:63.45,65.47 2 1
stroy-control-backend/internal/auth/handlers.go:65.47,72.3 2 0
stroy-control-backend/internal/auth/handlers.go:75.2,76.102 2 1
stroy-control-backend/internal/auth/handlers.go:76.102,77.36 1 0
stroy-control-backend/internal/auth/handlers.go:77.36,83.4 2 0
stroy-control-backend/internal/auth/handlers.go:84.3,88.9 2 0
stroy-control-backend/internal/auth/handlers.go:92.2,92.75 1 1
stroy-control-backend/internal/auth/handlers.go:92.75,98.3 2 1
stroy-control-backend/internal/auth/handlers.go:101.2,102.16 2 1
stroy-control-backend/internal/auth/handlers.go:102.16,108.3 2 0
stroy-control-backend/internal/auth/handlers.go:111.2,130.4 3 1
stroy-control-backend/internal/auth/handlers.go:145.48,147.47 2 1
stroy-control-backend/internal/auth/handlers.go:147.47,154.3 2 1
stroy-control-backend/internal/auth/handlers.go:157.2,157.43 1 1
stroy-control-backend/internal/auth/handlers.go:157.43,164.3 2 1
stroy-control-backend/internal/auth/handlers.go:167.2,168.105 2 1
stroy-control-backend/internal/auth/handlers.go:168.105,174.3 2 0
stroy-control-backend/internal/auth/handlers.go:177.2,177.26 1 1
stroy-control-backend/internal/auth/handlers.go:177.26,179.84 2 0
stroy-control-backend/internal/auth/handlers.go:179.84,185.4 2 0
stroy-control-backend/internal/auth/handlers.go:189.2,190.16 2 1
stroy-control-backend/internal/auth/handlers.go:190.16,196.3 2 0
stroy-control-backend/internal/auth/handlers.go:199.2,208.26 2 1
stroy-control-backend/internal/auth/handlers.go:208.26,210.3 1 0
stroy-control-backend/internal/auth/handlers.go:213.2,213.22 1 1
stroy-control-backend/internal/auth/handlers.go:213.22,215.3 1 0
stroy-control-backend/internal/auth/handlers.go:217.2,217.49 1 1
stroy-control-backend/internal/auth/handlers.go:217.49,223.3 2 0
stroy-control-backend/internal/auth/handlers.go:226.2,227.16 2 1
stroy-control-backend/internal/auth/handlers.go:227.16,233.3 2 0
stroy-control-backend/internal/auth/handlers.go:236.2,250.4 1 1
stroy-control-backend/internal/auth/handlers.go:254.52,256.47 2 0
stroy-control-backend/internal/auth/handlers.go:256.47,263.3 2 0
stroy-control-backend/internal/auth/handlers.go:266.2,267.16 2 0
stroy-control-backend/internal/auth/handlers.go:267.16,273.3 2 0
stroy-control-backend/internal/auth/handlers.go:276.2,277.104 2 0
stroy-control-backend/internal/auth/handlers.go:277.104,278.36 1 0
stroy-control-backend/internal/auth/handlers.go:278.36,284.4 2 0
stroy-control-backend/internal/auth/handlers.go:285.3,289.9 2 0
stroy-control-backend/internal/auth/handlers.go:293.2,294.16 2 0
stroy-control-backend/internal/auth/handlers.go:294.16,300.3 2 0
stroy-control-backend/internal/auth/handlers.go:303.2,307.4 1 0
stroy-control-backend/internal/auth/handlers.go:311.46,319.2 1 0
stroy-control-backend/internal/auth/handlers.go:331.42,334.13 2 0
stroy-control-backend/internal/auth/handlers.go:334.13,340.3 2 0
stroy-control-backend/internal/auth/handlers.go:343.2,344.91 2 0
stroy-control-backend/internal/auth/handlers.go:344.91,345.36 1 0
stroy-control-backend/internal/auth/handlers.go:345.36,351.4 2 0
stroy-control-backend/internal/auth/handlers.go:352.3,356.9 2 0
stroy-control-backend/internal/auth/handlers.go:360.2,369.29 1 0
stroy-control-backend/internal/auth/handlers.go:369.29,370.31 1 0
stroy-control-backend/internal/auth/handlers.go:370.31,375.7 1 0
stroy-control-backend/internal/auth/handlers.go:376.6,376.16 1 0
stroy-control-backend/internal/auth/handlers.go:388.54,390.47 2 0
stroy-control-backend/internal/auth/handlers.go:390.47,397.3 2 0
stroy-control-backend/internal/auth/handlers.go:400.2,401.13 2 0
stroy-control-backend/internal/auth/handlers.go:401.13,407.3 2 0
stroy-control-backend/internal/auth/handlers.go:410.2,411.72 2 0
stroy-control-backend/internal/auth/handlers.go:411.72,412.36 1 0
stroy-control-backend/internal/auth/handlers.go:412.36,418.4 2 0
stroy-control-backend/internal/auth/handlers.go:419.3,423.9 2 0
stroy-control-backend/internal/auth/handlers.go:427.2,427.82 1 0
stroy-control-backend/internal/auth/handlers.go:427.82,433.3 2 0
stroy-control-backend/internal/auth/handlers.go:436.2,436.46 1 0
stroy-control-backend/internal/auth/handlers.go:436.46,443.3 2 0
stroy-control-backend/internal/auth/handlers.go:446.2,447.16 2 0
stroy-control-backend/internal/auth/handlers.go:447.16,453.3 2 0
stroy-control-backend/internal/auth/handlers.go:456.2,456.83 1 0
stroy-control-backend/internal/auth/handlers.go:456.83,462.3 2 0
stroy-control-backend/internal/auth/handlers.go:464.2,467.4 1 0
stroy-control-backend/internal/auth/jwt_service.go:37.52,41.2 1 1
stroy-control-backend/internal/auth/jwt_service.go:44.76,63.16 4 1
stroy-control-backend/internal/auth/jwt_service.go:63.16,65.3 1 0
stroy-control-backend/internal/auth/jwt_service.go:68.2,77.16 3 1
stroy-control-backend/internal/auth/jwt_service.go:77.16,79.3 1 0
stroy-control-backend/internal/auth/jwt_service.go:81.2,86.8 1 1
stroy-control-backend/internal/auth/jwt_service.go:90.67,93.2 2 1
stroy-control-backend/internal/auth/jwt_service.go:96.88,110.2 3 1
stroy-control-backend/internal/auth/jwt_service.go:113.79,114.104 1 0
stroy-control-backend/internal/auth/jwt_service.go:114.104,115.58 1 0
stroy-control-backend/internal/auth/jwt_service.go:115.58,117.4 1 0
stroy-control-backend/internal/auth/jwt_service.go:118.3,118.38 1 0
stroy-control-backend/internal/auth/jwt_service.go:121.2,121.16 1 0
stroy-control-backend/internal/auth/jwt_service.go:121.16,123.3 1 0
stroy-control-backend/internal/auth/jwt_service.go:125.2,125.18 1 0
stroy-control-backend/internal/auth/jwt_service.go:125.18,127.3 1 0
stroy-control-backend/internal/auth/jwt_service.go:129.2,130.9 2 0
stroy-control-backend/internal/auth/jwt_service.go:130.9,132.3 1 0
stroy-control-backend/internal/auth/jwt_service.go:135.2,135.68 1 0
stroy-control-backend/internal/auth/jwt_service.go:135.68,137.3 1 0
stroy-control-backend/internal/auth/jwt_service.go:140.2,140.38 1 0
stroy-control-backend/internal/auth/jwt_service.go:140.38,142.3 1 0
stroy-control-backend/internal/auth/jwt_service.go:144.2,144.20 1 0
stroy-control-backend/internal/auth/jwt_service.go:148.94,149.118 1 0
stroy-control-backend/internal/auth/jwt_service.go:149.118,150.58 1 0
stroy-control-backend/internal/auth/jwt_service.go:150.58,152.4 1 0
stroy-control-backend/internal/auth/jwt_service.go:153.3,153.38 1 0
stroy-control-backend/internal/auth/jwt_service.go:156.2,156.16 1 0
stroy-control-backend/internal/auth/jwt_service.go:156.16,158.3 1 0
stroy-control-backend/internal/auth/jwt_service.go:160.2,160.18 1 0
stroy-control-backend/internal/auth/jwt_service.go:160.18,162.3 1 0
stroy-control-backend/internal/auth/jwt_service.go:164.2,165.9 2 0
stroy-control-backend/internal/auth/jwt_service.go:165.9,167.3 1 0
stroy-control-backend/internal/auth/jwt_service.go:170.2,170.68 1 0
stroy-control-backend/internal/auth/jwt_service.go:170.68,172.3 1 0
stroy-control-backend/internal/auth/jwt_service.go:175.2,175.38 1 0
stroy-control-backend/internal/auth/jwt_service.go:175.38,177.3 1 0
stroy-control-backend/internal/auth/jwt_service.go:179.2,179.20 1 0
stroy-control-backend/internal/auth/jwt_service.go:183.96,186.16 2 0
stroy-control-backend/internal/auth/jwt_service.go:186.16,188.3 1 0
stroy-control-backend/internal/auth/jwt_service.go:191.2,191.31 1 0
stroy-control-backend/internal/auth/jwt_service.go:191.31,193.3 1 0
stroy-control-backend/internal/auth/jwt_service.go:196.2,196.31 1 0
stroy-control-backend/internal/auth/jwt_service.go:200.80,201.22 1 0
stroy-control-backend/internal/auth/jwt_service.go:201.22,203.3 1 0
stroy-control-backend/internal/auth/jwt_service.go:206.2,207.74 2 0
stroy-control-backend/internal/auth/jwt_service.go:207.74,209.3 1 0
stroy-control-backend/internal/auth/jwt_service.go:211.2,211.38 1 0
stroy-control-backend/internal/auth/jwt_service.go:215.80,217.16 2 0
stroy-control-backend/internal/auth/jwt_service.go:217.16,219.3 1 0
stroy-control-backend/internal/auth/jwt_service.go:221.2,222.36 2 0
stroy-control-backend/internal/auth/jwt_service.go:222.36,224.3 1 0
stroy-control-backend/internal/auth/jwt_service.go:226.2,226.37 1 0
stroy-control-backend/internal/auth/jwt_service.go:230.27,232.16 2 1
stroy-control-backend/internal/auth/jwt_service.go:232.16,235.3 1 0
stroy-control-backend/internal/auth/jwt_service.go:236.2,236.14 1 1
stroy-control-backend/internal/auth/middleware.go:17.64,21.2 1 0
stroy-control-backend/internal/auth/middleware.go:24.54,25.30 1 0
stroy-control-backend/internal/auth/middleware.go:25.30,28.23 2 0
stroy-control-backend/internal/auth/middleware.go:28.23,35.4 3 0
stroy-control-backend/internal/auth/middleware.go:38.3,39.17 2 0
stroy-control-backend/internal/auth/middleware.go:39.17,46.4 3 0
stroy-control-backend/internal/auth/middleware.go:49.3,50.17 2 0
stroy-control-backend/internal/auth/middleware.go:50.17,57.4 3 0
stroy-control-backend/internal/auth/middleware.go:60.3,66.11 6 0
stroy-control-backend/internal/auth/middleware.go:71.57,72.30 1 0
stroy-control-backend/internal/auth/middleware.go:72.30,74.23 2 0
stroy-control-backend/internal/auth/middleware.go:74.23,78.4 2 0
stroy-control-backend/internal/auth/middleware.go:81.3,82.17 2 0
stroy-control-backend/internal/auth/middleware.go:82.17,86.4 2 0
stroy-control-backend/internal/auth/middleware.go:89.3,90.17 2 0
stroy-control-backend/internal/auth/middleware.go:90.17,94.4 2 0
stroy-control-backend/internal/auth/middleware.go:97.3,103.11 6 0
stroy-control-backend/internal/auth/middleware.go:108.71,109.30 1 0
stroy-control-backend/internal/auth/middleware.go:109.30,111.14 2 0
stroy-control-backend/internal/auth/middleware.go:111.14,118.4 3 0
stroy-control-backend/internal/auth/middleware.go:120.3,121.10 2 0
stroy-control-backend/internal/auth/middleware.go:121.10,128.4 3 0
stroy-control-backend/internal/auth/middleware.go:131.3,132.38 2 0
stroy-control-backend/internal/auth/middleware.go:132.38,133.35 1 0
stroy-control-backend/internal/auth/middleware.go:133.35,135.10 2 0
stroy-control-backend/internal/auth/middleware.go:139.3,139.15 1 0
stroy-control-backend/internal/auth/middleware.go:139.15,146.4 3 0
stroy-control-backend/internal/auth/middleware.go:148.3,148.11 1 0
stroy-control-backend/internal/auth/middleware.go:153.54,155.2 1 0
stroy-control-backend/internal/auth/middleware.go:158.60,160.2 1 0
stroy-control-backend/internal/auth/middleware.go:163.58,164.30 1 0
stroy-control-backend/internal/auth/middleware.go:164.30,166.14 2 0
stroy-control-backend/internal/auth/middleware.go:166.14,173.4 3 0
stroy-control-backend/internal/auth/middleware.go:175.3,176.10 2 0
stroy-control-backend/internal/auth/middleware.go:176.10,183.4 3 0
stroy-control-backend/internal/auth/middleware.go:186.3,206.40 6 0
stroy-control-backend/internal/auth/middleware.go:206.40,207.27 1 0
stroy-control-backend/internal/auth/middleware.go:207.27,210.10 3 0
stroy-control-backend/internal/auth/middleware.go:214.3,214.17 1 0
stroy-control-backend/internal/auth/middleware.go:214.17,215.44 1 0
stroy-control-backend/internal/auth/middleware.go:215.44,216.28 1 0
stroy-control-backend/internal/auth/middleware.go:216.28,219.11 3 0
stroy-control-backend/internal/auth/middleware.go:224.3,224.15 1 0
stroy-control-backend/internal/auth/middleware.go:224.15,227.4 2 0
stroy-control-backend/internal/auth/middleware.go:229.3,229.17 1 0
stroy-control-backend/internal/auth/middleware.go:229.17,236.4 3 0
stroy-control-backend/internal/auth/middleware.go:239.3,241.11 2 0
stroy-control-backend/internal/auth/middleware.go:246.61,247.30 1 0
stroy-control-backend/internal/auth/middleware.go:247.30,250.14 2 0
stroy-control-backend/internal/auth/middleware.go:250.14,257.4 3 0
stroy-control-backend/internal/auth/middleware.go:259.3,260.10 2 0
stroy-control-backend/internal/auth/middleware.go:260.10,267.4 3 0
stroy-control-backend/internal/auth/middleware.go:270.3,277.42 3 0
stroy-control-backend/internal/auth/middleware.go:277.42,278.27 1 0
stroy-control-backend/internal/auth/middleware.go:278.27,280.10 2 0
stroy-control-backend/internal/auth/middleware.go:284.3,284.21 1 0
stroy-control-backend/internal/auth/middleware.go:284.21,287.15 2 0
stroy-control-backend/internal/auth/middleware.go:287.15,294.5 3 0
stroy-control-backend/internal/auth/middleware.go:297.4,297.42 1 0
stroy-control-backend/internal/auth/middleware.go:300.3,300.11 1 0
stroy-control-backend/internal/auth/middleware.go:305.47,307.13 2 0
stroy-control-backend/internal/auth/middleware.go:307.13,309.3 1 0
stroy-control-backend/internal/auth/middleware.go:311.2,312.9 2 0
stroy-control-backend/internal/auth/middleware.go:312.9,314.3 1 0
stroy-control-backend/internal/auth/middleware.go:316.2,316.24 1 0
stroy-control-backend/internal/auth/middleware.go:320.49,322.13 2 0
stroy-control-backend/internal/auth/middleware.go:322.13,324.3 1 0
stroy-control-backend/internal/auth/middleware.go:326.2,327.9 2 0
stroy-control-backend/internal/auth/middleware.go:327.9,329.3 1 0
stroy-control-backend/internal/auth/middleware.go:331.2,331.26 1 0
stroy-control-backend/internal/auth/middleware.go:335.55,337.13 2 0
stroy-control-backend/internal/auth/middleware.go:337.13,339.3 1 0
stroy-control-backend/internal/auth/middleware.go:341.2,342.9 2 0
stroy-control-backend/internal/auth/middleware.go:342.9,344.3 1 0
stroy-control-backend/internal/auth/middleware.go:346.2,346.28 1 0
stroy-control-backend/internal/auth/middleware.go:350.58,352.13 2 0
stroy-control-backend/internal/auth/middleware.go:352.13,354.3 1 0
stroy-control-backend/internal/auth/middleware.go:356.2,357.9 2 0
stroy-control-backend/internal/auth/middleware.go:357.9,359.3 1 0
stroy-control-backend/internal/auth/middleware.go:361.2,361.28 1 0
stroy-control-backend/internal/auth/router.go:15.71,20.2 1 0
stroy-control-backend/internal/auth/router.go:23.54,26.2 2 0
stroy-control-backend/internal/auth/router.go:26.2,35.3 6 0
stroy-control-backend/internal/auth/router.go:35.3,39.4 3 0
stroy-control-backend/internal/auth/router.go:44.56,46.2 1 0
stroy-control-backend/internal/project/handlers.go:59.53,63.2 1 1
stroy-control-backend/internal/project/handlers.go:66.55,78.72 7 1
stroy-control-backend/internal/project/handlers.go:78.72,79.36 1 0
stroy-control-backend/internal/project/handlers.go:79.36,85.4 2 0
stroy-control-backend/internal/project/handlers.go:86.3,90.9 2 0
stroy-control-backend/internal/project/handlers.go:94.2,101.14 2 1
stroy-control-backend/internal/project/handlers.go:101.14,103.3 1 0
stroy-control-backend/internal/project/handlers.go:103.8,105.3 1 1
stroy-control-backend/internal/project/handlers.go:108.2,114.80 5 1
stroy-control-backend/internal/project/handlers.go:114.80,120.3 2 0
stroy-control-backend/internal/project/handlers.go:123.2,130.4 1 1
stroy-control-backend/internal/project/handlers.go:146.56,148.47 2 1
stroy-control-backend/internal/project/handlers.go:148.47,155.3 2 1
stroy-control-backend/internal/project/handlers.go:158.2,162.72 3 1
stroy-control-backend/internal/project/handlers.go:162.72,168.3 2 0
stroy-control-backend/internal/project/handlers.go:171.2,171.70 1 1
stroy-control-backend/internal/project/handlers.go:171.70,177.3 2 0
stroy-control-backend/internal/project/handlers.go:180.2,181.16 2 1
stroy-control-backend/internal/project/handlers.go:181.16,188.3 2 0
stroy-control-backend/internal/project/handlers.go:191.2,204.52 2 1
stroy-control-backend/internal/project/handlers.go:204.52,210.3 2 0
stroy-control-backend/internal/project/handlers.go:213.2,213.90 1 1
stroy-control-backend/internal/project/handlers.go:213.90,219.3 2 0
stroy-control-backend/internal/project/handlers.go:221.2,227.4 1 1
stroy-control-backend/internal/project/handlers.go:231.53,239.72 4 1
stroy-control-backend/internal/project/handlers.go:239.72,245.3 2 0
stroy-control-backend/internal/project/handlers.go:248.2,249.161 2 1
stroy-control-backend/internal/project/handlers.go:249.161,250.36 1 1
stroy-control-backend/internal/project/handlers.go:250.36,256.4 2 1
stroy-control-backend/internal/project/handlers.go:257.3,261.9 2 0
stroy-control-backend/internal/project/handlers.go:265.2,265.74 1 1
stroy-control-backend/internal/project/handlers.go:265.74,271.3 2 0
stroy-control-backend/internal/project/handlers.go:273.2,278.4 1 1
stroy-control-backend/internal/project/handlers.go:282.56,286.47 3 1
stroy-control-backend/internal/project/handlers.go:286.47,293.3 2 0
stroy-control-backend/internal/project/handlers.go:296.2,300.72 3 1
stroy-control-backend/internal/project/handlers.go:300.72,306.3 2 0
stroy-control-backend/internal/project/handlers.go:309.2,310.101 2 1
stroy-control-backend/internal/project/handlers.go:310.101,311.36 1 0
stroy-control-backend/internal/project/handlers.go:311.36,317.4 2 0
stroy-control-backend/internal/project/handlers.go:318.3,322.9 2 0
stroy-control-backend/internal/project/handlers.go:326.2,326.74 1 1
stroy-control-backend/internal/project/handlers.go:326.74,332.3 2 0
stroy-control-backend/internal/project/handlers.go:335.2,338.21 3 1
stroy-control-backend/internal/project/handlers.go:338.21,340.3 1 1
stroy-control-backend/internal/project/handlers.go:341.2,341.24 1 1
stroy-control-backend/internal/project/handlers.go:341.24,343.3 1 0
stroy-control-backend/internal/project/handlers.go:344.2,344.31 1 1
stroy-control-backend/internal/project/handlers.go:344.31,346.3 1 0
stroy-control-backend/internal/project/handlers.go:347.2,347.29 1 1
stroy-control-backend/internal/project/handlers.go:347.29,349.17 2 0
stroy-control-backend/internal/project/handlers.go:349.17,356.4 2 0
stroy-control-backend/internal/project/handlers.go:357.3,357.42 1 0
stroy-control-backend/internal/project/handlers.go:359.2,359.28 1 1
stroy-control-backend/internal/project/handlers.go:359.28,361.3 1 0
stroy-control-backend/internal/project/handlers.go:362.2,362.27 1 1
stroy-control-backend/internal/project/handlers.go:362.27,364.3 1 0
stroy-control-backend/internal/project/handlers.go:365.2,365.36 1 1
stroy-control-backend/internal/project/handlers.go:365.36,367.3 1 0
stroy-control-backend/internal/project/handlers.go:368.2,368.32 1 1
stroy-control-backend/internal/project/handlers.go:368.32,370.3 1 0
stroy-control-backend/internal/project/handlers.go:371.2,371.23 1 1
stroy-control-backend/internal/project/handlers.go:371.23,373.3 1 0
stroy-control-backend/internal/project/handlers.go:376.2,376.68 1 1
stroy-control-backend/internal/project/handlers.go:376.68,382.3 2 0
stroy-control-backend/internal/project/handlers.go:385.2,385.111 1 1
stroy-control-backend/internal/project/handlers.go:385.111,391.3 2 0
stroy-control-backend/internal/project/handlers.go:393.2,399.4 1 1
stroy-control-backend/internal/project/handlers.go:403.56,411.72 4 1
stroy-control-backend/internal/project/handlers.go:411.72,417.3 2 0
stroy-control-backend/internal/project/handlers.go:420.2,421.101 2 1
stroy-control-backend/internal/project/handlers.go:421.101,422.36 1 0
stroy-control-backend/internal/project/handlers.go:422.36,428.4 2 0
stroy-control-backend/internal/project/handlers.go:429.3,433.9 2 0
stroy-control-backend/internal/project/handlers.go:437.2,437.74 1 1
stroy-control-backend/internal/project/handlers.go:437.74,443.3 2 0
stroy-control-backend/internal/project/handlers.go:446.2,446.52 1 1
stroy-control-backend/internal/project/handlers.go:446.52,452.3 2 0
stroy-control-backend/internal/project/handlers.go:454.2,457.4 1 1
stroy-control-backend/internal/project/router.go:18.84,24.2 1 0
stroy-control-backend/internal/project/router.go:27.54,31.2 3 0
stroy-control-backend/internal/project/router.go:31.2,41.3 7 0
stroy-control-backend/internal/project/router.go:41.3,46.4 4 0
stroy-control-backend/internal/project/team_handlers.go:27.47,31.2 1 1
stroy-control-backend/internal/project/team_handlers.go:34.54,42.72 4 1
stroy-control-backend/internal/project/team_handlers.go:42.72,48.3 2 0
stroy-control-backend/internal/project/team_handlers.go:51.2,52.101 2 1
stroy-control-backend/internal/project/team_handlers.go:52.101,53.36 1 0
stroy-control-backend/internal/project/team_handlers.go:53.36,59.4 2 0
stroy-control-backend/internal/project/team_handlers.go:60.3,64.9 2 0
stroy-control-backend/internal/project/team_handlers.go:68.2,68.74 1 1
stroy-control-backend/internal/project/team_handlers.go:68.74,74.3 2 0
stroy-control-backend/internal/project/team_handlers.go:77.2,78.105 2 1
stroy-control-backend/internal/project/team_handlers.go:78.105,84.3 2 0
stroy-control-backend/internal/project/team_handlers.go:86.2,93.4 1 1
stroy-control-backend/internal/project/team_handlers.go:97.53,101.47 3 1
stroy-control-backend/internal/project/team_handlers.go:101.47,108.3 2 1
stroy-control-backend/internal/project/team_handlers.go:111.2,115.86 3 0
stroy-control-backend/internal/project/team_handlers.go:115.86,121.3 2 0
stroy-control-backend/internal/project/team_handlers.go:124.2,125.101 2 0
stroy-control-backend/internal/project/team_handlers.go:125.101,126.36 1 0
stroy-control-backend/internal/project/team_handlers.go:126.36,132.4 2 0
stroy-control-backend/internal/project/team_handlers.go:133.3,137.9 2 0
stroy-control-backend/internal/project/team_handlers.go:141.2,141.88 1 0
stroy-control-backend/internal/project/team_handlers.go:141.88,147.3 2 0
stroy-control-backend/internal/project/team_handlers.go:149.2,149.84 1 0
stroy-control-backend/internal/project/team_handlers.go:149.84,155.3 2 0
stroy-control-backend/internal/project/team_handlers.go:158.2,159.105 2 0
stroy-control-backend/internal/project/team_handlers.go:159.105,160.36 1 0
stroy-control-backend/internal/project/team_handlers.go:160.36,166.4 2 0
stroy-control-backend/internal/project/team_handlers.go:167.3,171.9 2 0
stroy-control-backend/internal/project/team_handlers.go:175.2,175.86 1 0
stroy-control-backend/internal/project/team_handlers.go:175.86,181.3 2 0
stroy-control-backend/internal/project/team_handlers.go:184.2,185.140 2 0
stroy-control-backend/internal/project/team_handlers.go:185.140,191.3 2 0
stroy-control-backend/internal/project/team_handlers.go:194.2,200.55 2 0
stroy-control-backend/internal/project/team_handlers.go:200.55,206.3 2 0
stroy-control-backend/internal/project/team_handlers.go:209.2,209.70 1 0
stroy-control-backend/internal/project/team_handlers.go:209.70,215.3 2 0
stroy-control-backend/internal/project/team_handlers.go:217.2,223.4 1 0
stroy-control-backend/internal/project/team_handlers.go:227.56,232.47 4 1
stroy-control-backend/internal/project/team_handlers.go:232.47,239.3 2 1
stroy-control-backend/internal/project/team_handlers.go:242.2,246.86 3 0
stroy-control-backend/internal/project/team_handlers.go:246.86,252.3 2 0
stroy-control-backend/internal/project/team_handlers.go:255.2,256.101 2 0
stroy-control-backend/internal/project/team_handlers.go:256.101,257.36 1 0
stroy-control-backend/internal/project/team_handlers.go:257.36,263.4 2 0
stroy-control-backend/internal/project/team_handlers.go:264.3,268.9 2 0
stroy-control-backend/internal/project/team_handlers.go:272.2,272.88 1 0
stroy-control-backend/internal/project/team_handlers.go:272.88,278.3 2 0
stroy-control-backend/internal/project/team_handlers.go:280.2,280.84 1 0
stroy-control-backend/internal/project/team_handlers.go:280.84,286.3 2 0
stroy-control-backend/internal/project/team_handlers.go:289.2,290.129 2 0
stroy-control-backend/internal/project/team_handlers.go:290.129,291.36 1 0
stroy-control-backend/internal/project/team_handlers.go:291.36,297.4 2 0
stroy-control-backend/internal/project/team_handlers.go:298.3,302.9 2 0
stroy-control-backend/internal/project/team_handlers.go:306.2,306.79 1 0
stroy-control-backend/internal/project/team_handlers.go:306.79,312.3 2 0
stroy-control-backend/internal/project/team_handlers.go:315.2,315.70 1 0
stroy-control-backend/internal/project/team_handlers.go:315.70,321.3 2 0
stroy-control-backend/internal/project/team_handlers.go:323.2,329.4 1 0
stroy-control-backend/internal/project/team_handlers.go:333.56,342.86 5 1
stroy-control-backend/internal/project/team_handlers.go:342.86,348.3 2 0
stroy-control-backend/internal/project/team_handlers.go:351.2,352.101 2 1
stroy-control-backend/internal/project/team_handlers.go:352.101,353.36 1 0
stroy-control-backend/internal/project/team_handlers.go:353.36,359.4 2 0
stroy-control-backend/internal/project/team_handlers.go:360.3,364.9 2 0
stroy-control-backend/internal/project/team_handlers.go:368.2,368.88 1 1
stroy-control-backend/internal/project/team_handlers.go:368.88,374.3 2 0
stroy-control-backend/internal/project/team_handlers.go:376.2,376.84 1 1
stroy-control-backend/internal/project/team_handlers.go:376.84,382.3 2 0
stroy-control-backend/internal/project/team_handlers.go:385.2,386.113 2 1
stroy-control-backend/internal/project/team_handlers.go:386.113,387.36 1 0
stroy-control-backend/internal/project/team_handlers.go:387.36,393.4 2 0
stroy-control-backend/internal/project/team_handlers.go:394.3,398.9 2 0
stroy-control-backend/internal/project/team_handlers.go:402.2,402.55 1 1
stroy-control-backend/internal/project/team_handlers.go:402.55,408.3 2 1
stroy-control-backend/internal/project/team_handlers.go:410.2,413.4 1 0
stroy-control-backend/internal/company/handlers.go:41.53,45.2 1 1
stroy-control-backend/internal/company/handlers.go:48.56,60.72 7 1
stroy-control-backend/internal/company/handlers.go:60.72,61.36 1 0
stroy-control-backend/internal/company/handlers.go:61.36,67.4 2 0
stroy-control-backend/internal/company/handlers.go:68.3,72.9 2 0
stroy-control-backend/internal/company/handlers.go:76.2,79.35 2 1
stroy-control-backend/internal/company/handlers.go:79.35,81.3 1 1
stroy-control-backend/internal/company/handlers.go:84.2,84.14 1 1
stroy-control-backend/internal/company/handlers.go:84.14,86.3 1 0
stroy-control-backend/internal/company/handlers.go:86.8,88.3 1 1
stroy-control-backend/internal/company/handlers.go:91.2,97.81 5 1
stroy-control-backend/internal/company/handlers.go:97.81,103.3 2 0
stroy-control-backend/internal/company/handlers.go:106.2,113.4 1 1
stroy-control-backend/internal/company/handlers.go:117.56,119.47 2 1
stroy-control-backend/internal/company/handlers.go:119.47,126.3 2 1
stroy-control-backend/internal/company/handlers.go:129.2,133.72 3 1
stroy-control-backend/internal/company/handlers.go:133.72,139.3 2 0
stroy-control-backend/internal/company/handlers.go:142.2,142.35 1 1
stroy-control-backend/internal/company/handlers.go:142.35,149.3 2 0
stroy-control-backend/internal/company/handlers.go:152.2,152.19 1 1
stroy-control-backend/internal/company/handlers.go:152.19,154.128 2 1
stroy-control-backend/internal/company/handlers.go:154.128,160.4 2 0
stroy-control-backend/internal/company/handlers.go:164.2,175.52 2 1
stroy-control-backend/internal/company/handlers.go:175.52,181.3 2 0
stroy-control-backend/internal/company/handlers.go:183.2,189.4 1 1
stroy-control-backend/internal/company/handlers.go:193.53,201.72 4 1
stroy-control-backend/internal/company/handlers.go:201.72,207.3 2 0
stroy-control-backend/internal/company/handlers.go:210.2,211.101 2 1
stroy-control-backend/internal/company/handlers.go:211.101,212.36 1 1
stroy-control-backend/internal/company/handlers.go:212.36,218.4 2 1
stroy-control-backend/internal/company/handlers.go:219.3,223.9 2 0
stroy-control-backend/internal/company/handlers.go:227.2,227.67 1 1
stroy-control-backend/internal/company/handlers.go:227.67,233.3 2 0
stroy-control-backend/internal/company/handlers.go:235.2,240.4 1 1
stroy-control-backend/internal/company/handlers.go:244.56,248.47 3 1
stroy-control-backend/internal/company/handlers.go:248.47,255.3 2 1
stroy-control-backend/internal/company/handlers.go:258.2,262.72 3 0
stroy-control-backend/internal/company/handlers.go:262.72,268.3 2 0
stroy-control-backend/internal/company/handlers.go:271.2,272.101 2 0
stroy-control-backend/internal/company/handlers.go:272.101,273.36 1 0
stroy-control-backend/internal/company/handlers.go:273.36,279.4 2 0
stroy-control-backend/internal/company/handlers.go:280.3,284.9 2 0
stroy-control-backend/internal/company/handlers.go:288.2,288.67 1 0
stroy-control-backend/internal/company/handlers.go:288.67,294.3 2 0
stroy-control-backend/internal/company/handlers.go:297.2,297.47 1 0
stroy-control-backend/internal/company/handlers.go:297.47,299.152 2 0
stroy-control-backend/internal/company/handlers.go:299.152,305.4 2 0
stroy-control-backend/internal/company/handlers.go:309.2,311.21 2 0
stroy-control-backend/internal/company/handlers.go:311.21,313.3 1 0
stroy-control-backend/internal/company/handlers.go:314.2,314.24 1 0
stroy-control-backend/internal/company/handlers.go:314.24,316.3 1 0
stroy-control-backend/internal/company/handlers.go:317.2,317.20 1 0
stroy-control-backend/internal/company/handlers.go:317.20,319.3 1 0
stroy-control-backend/internal/company/handlers.go:320.2,320.20 1 0
stroy-control-backend/internal/company/handlers.go:320.20,322.3 1 0
stroy-control-backend/internal/company/handlers.go:323.2,323.21 1 0
stroy-control-backend/internal/company/handlers.go:323.21,325.3 1 0
stroy-control-backend/internal/company/handlers.go:326.2,326.22 1 0
stroy-control-backend/internal/company/handlers.go:326.22,328.3 1 0
stroy-control-backend/internal/company/handlers.go:329.2,329.22 1 0
stroy-control-backend/internal/company/handlers.go:329.22,331.3 1 0
stroy-control-backend/internal/company/handlers.go:332.2,332.24 1 0
stroy-control-backend/internal/company/handlers.go:332.24,334.3 1 0
stroy-control-backend/internal/company/handlers.go:337.2,337.68 1 0
stroy-control-backend/internal/company/handlers.go:337.68,343.3 2 0
stroy-control-backend/internal/company/handlers.go:346.2,346.51 1 0
stroy-control-backend/internal/company/handlers.go:346.51,352.3 2 0
stroy-control-backend/internal/company/handlers.go:354.2,360.4 1 0
stroy-control-backend/internal/company/router.go:17.84,22.2 1 0
stroy-control-backend/internal/company/router.go:25.54,29.2 3 0
stroy-control-backend/internal/company/router.go:29.2,35.3 4 0
